Starting Genesis Migration on 723 cards...
[SKIP] Spell SFD-198 (Arise!): No effects parsed from "Play a 2 :rb_might: Sand Soldier unit token for each Equipment you control. Then ready two of them."
[SKIP] Spell OGN-025 (Blind Fury): No effects parsed from "[Action] <em>(Play on your turn or in showdowns.)</em><br />Each opponent reveals the top card of their Main Deck. Choose one and play it, ignoring its cost. Then recycle the rest."
[SKIP] Spell OGN-057 (Block): No effects parsed from "[Hidden] <em>(Hide now for :rb_rune_rainbow: to react with later for :rb_energy_0:.)</em><br />[Action] <em>(Play on your turn or in showdowns.)</em><br />Give a unit [Shield 3] and [Tank] this turn. <em>(+3 :rb_might: while it's a defender. It must be assigned combat damage first.)</em>"
[SKIP] Spell SFD-003 (Blood Rush): No effects parsed from "[Action] <em>(Play on your turn or in showdowns.)</em><br />[Repeat] :rb_energy_1: <em>(You may pay the additional cost to repeat this spell's effect.)</em><br />Give a unit [Assault 2]. <em>(+2 :rb_might: while it's an attacker.)</em>"
[SKIP] Spell SFD-004 (Bushwhack): No effects parsed from "[Hidden] <em>(Hide now for :rb_rune_rainbow: to react with later for :rb_energy_0:.)</em><br />Friendly units enter ready this turn. Play a Gold gear token exhausted."
[SKIP] Spell SFD-122 (Called Shot): No effects parsed from "[Action] <em>(Play on your turn or in showdowns.)</em><br />[Repeat] :rb_rune_chaos: <em>(You may pay the additional cost to repeat this spell's effect.)</em><br />Look at the top 2 cards of your Main Deck. Draw one and recycle the other."
[SKIP] Spell OGN-128 (Challenge): No effects parsed from "[Action] <em>(Play on your turn or in showdowns.)</em><br />Choose a friendly unit and an enemy unit. They deal damage equal to their Mights to each other."
[SKIP] Spell OGN-128-P (Challenge): No effects parsed from "ACTION (Play on your turn or in showdowns.) Choose a friendly unit and an enemy unit. They deal damage equal to their Mights to each other."
[SKIP] Spell OGN-043 (Charm): No effects parsed from "Move an enemy unit."
[SKIP] Spell OGN-004 (Cleave): No effects parsed from "[Action] <em>(Play on your turn or in showdowns.)</em><br />Give a unit [Assault 3] this turn. <em>(+3 :rb_might: while it's an attacker.)</em>"
[SKIP] Spell OGN-108 (Convergent Mutation): No effects parsed from "[Reaction] <em>(Play any time, even before spells and abilities resolve.)</em><br />Choose a friendly unit. If its Might is less than another friendly unit's, its Might becomes the Might of that friendly unit this turn."
[SKIP] Spell OGN-209 (Cull the Weak): No effects parsed from "Each player kills one of their units."
[SKIP] Spell OGN-045 (Defy): No effects parsed from "[Reaction] <em>(Play any time, even before spells and abilities resolve.)</em><br />Counter a spell that costs no more than :rb_energy_4: and no more than :rb_rune_rainbow:."
[SKIP] Spell SFD-031 (Desert's Call): No effects parsed from "[Repeat] :rb_energy_2: <em>(You may pay the additional cost to repeat this spell's effect.)</em><br />Play a 2 :rb_might: Sand Soldier unit token."
[SKIP] Spell SFD-005 (Detonate): No effects parsed from "Kill a gear. Its controller draws 2."
[SKIP] Spell OGN-244 (Divine Judgment): No effects parsed from "Each player chooses 2 units, 2 gear, 2 runes, and 2 cards in their hands. Recycle the rest."
[SKIP] Spell SFD-147 (Downwell): No effects parsed from "Return all units and gear to their owners' hands."
[SKIP] Spell OGN-258 (Dragon's Rage): No effects parsed from "Move an enemy unit. Then choose another enemy unit at its destination. They deal damage equal to their Mights to each other."
[SKIP] Spell SFD-043 (Emperor's Divide): No effects parsed from "[Hidden] <em>(Hide now for :rb_rune_rainbow: to react with later for :rb_energy_0:.)</em><br />[Action] <em>(Play on your turn or in showdowns.)</em><br />Move any number of friendly units at a battlefield to their base."
[SKIP] Spell OGN-220 (Facebreaker): No effects parsed from "[Hidden] <em>(Hide now for :rb_rune_rainbow: to react with later for :rb_energy_0:.)</em><br />[Action] <em>(Play on your turn or in showdowns.)</em><br />Stun a friendly unit and an enemy unit at the same battlefield. <em>(They don't deal combat damage this turn.)</em>"
[SKIP] Spell SFD-135 (Factory Recall): No effects parsed from "[Action] <em>(Play on your turn or in showdowns.)</em><br />Return a gear to its owner's hand."
[SKIP] Spell OGN-180 (Fading Memories): No effects parsed from "Give a unit at a battlefield or a gear [Temporary]. <em>(Kill it at the start of its controller's Beginning Phase, before scoring.)</em>"
[SKIP] Spell OGN-168 (Fight or Flight): No effects parsed from "[Hidden] <em>(Hide now for :rb_rune_rainbow: to react with later for :rb_energy_0:.)</em><br />[Action] <em>(Play on your turn or in showdowns.)</em><br />Move a unit from a battlefield to its base."
[SKIP] Spell OGS-011 (Flash): No effects parsed from "[Reaction] <em>(Play any time, even before spells and abilities resolve.)</em><br />Move up to 2 friendly units to base."
[SKIP] Spell OGN-256 (Fox-Fire): No effects parsed from "[Hidden] <em>(Hide now for :rb_rune_rainbow: to react with later for :rb_energy_0:.)</em><br />[Action] <em>(Play on your turn or in showdowns.)</em><br />Kill any number of units at a battlefield with total Might 4 or less."
[SKIP] Spell OGN-008 (Get Excited!): No effects parsed from "[Action] <em>(Play on your turn or in showdowns.)</em><br />Discard 1. Deal its Energy cost as damage to a unit at a battlefield. <em>(Ignore its Power cost.)</em>"
[SKIP] Spell SFD-154 (Guards!): No effects parsed from "[Hidden]_ (Hide now for :rb_rune_rainbow: to react with later for :rb_energy_0:.)_<br />Play a 2 :rb_might: Sand Soldier unit token. You may pay :rb_rune_order: to ready it."
[SKIP] Spell OGN-264 (Guerilla Warfare): No effects parsed from "Return up to two cards with [Hidden] from your trash to your hand. You can hide cards ignoring costs this turn."
[SKIP] Spell OGN-169 (Gust): No effects parsed from "[Reaction] <em>(Play any time, even before spells and abilities resolve.)</em><br />Return a unit at a battlefield with 3 :rb_might: or less to its owner's hand."
[SKIP] Spell SFD-136 (Hard Bargain): No effects parsed from "[Reaction] <em>(Play any time, even before spells and abilities resolve.)</em><br />[Repeat] :rb_energy_2: <em>(You may pay the additional cost to repeat this spell's effect.)</em><br />Counter a spell unless its controller pays :rb_energy_2:."
[SKIP] Spell SFD-111 (Here to Help): No effects parsed from "[Hidden] <em>(Hide now for :rb_rune_rainbow: to react with later for :rb_energy_0:.)</em><br />[Action] <em>(Play on your turn or in showdowns.)</em><br />You may play a unit from hand to a battlefield you control, reducing its cost by :rb_energy_3:."
[SKIP] Spell OGS-020 (Highlander): No effects parsed from "[Reaction] <em>(Play any time, even before spells and abilities resolve.)</em><br />Choose a friendly unit. The next time it dies this turn, recall it exhausted instead. <em>(Send it to base. This isn't a move.)</em>"
[SKIP] Spell SFD-202 (Hostile Takeover): No effects parsed from "[Hidden] <em>(Hide now for :rb_rune_rainbow: to react with later for :rb_energy_0:.)</em><br />Take control of an enemy unit at a battlefield. Ready it. <em>(Start a combat if other enemies are there. Otherwise, conquer.)</em><br />Lose control of that unit and recall it at end of turn. <em>(Send it to base. This isn't a move.)</em>"
[SKIP] Spell OGN-221 (Imperial Decree): No effects parsed from "[Action] <em>(Play on your turn or in showdowns.)</em><br />When any unit takes damage this turn, kill it."
[SKIP] Spell OGN-201 (Invert Timelines): No effects parsed from "Each player discards their hand, then draws 4."
[SKIP] Spell OGN-237 (King's Edict): No effects parsed from "Starting with the next player, each other player chooses a unit you don't control that hasn't been chosen for this spell. Kill those units."
[SKIP] Spell OGN-260 (Last Breath): No effects parsed from "[Action] <em>(Play on your turn or in showdowns.)</em><br />Ready a friendly unit. It deals damage equal to its Might to an enemy unit at a battlefield."
[SKIP] Spell OGN-069 (Last Stand): No effects parsed from "[Action] <em>(Play on your turn or in showdowns.)</em><br />Double a friendly unit's Might this turn. Give it [Temporary]. <em>(Kill it at the start of its controller's Beginning Phase, before scoring.)</em>"
[SKIP] Spell SFD-114 (Marching Orders): No effects parsed from "[Action] <em>(Play on your turn or in showdowns.)</em><br />[Repeat] :rb_energy_3: <em>(You may pay the additional cost to repeat this spell's effect.)</em><br />Choose a friendly unit anywhere and an enemy unit at a battlefield. They deal damage equal to their Mights to each other."
[SKIP] Spell OGN-170 (Morbid Return): No effects parsed from "[Action] <em>(Play on your turn or in showdowns.)</em><br />Return a unit from your trash to your hand."
[SKIP] Spell OGN-080 (Mystic Reversal): No effects parsed from "[Reaction] <em>(Play any time, even before spells and abilities resolve.)</em><br />Gain control of a spell. You may make new choices for it."
[SKIP] Spell SFD-045 (Not So Fast): No effects parsed from "[Reaction] <em>(Play any time, even before spells and abilities resolve.)</em><br />Counter an enemy spell or ability that chooses a friendly unit or gear."
[SKIP] Spell SFD-204 (On the Hunt): No effects parsed from "Ready your units."
[SKIP] Spell OGN-153 (Overt Operation): No effects parsed from "[Action] <em>(Play on your turn or in showdowns.)</em><br />For each friendly unit, you may spend its buff to ready it. Then buff all friendly units. <em>(Each one that doesn't have a buff gets a +1 :rb_might: buff.)</em>"
[SKIP] Spell OGN-102 (Portal Rescue): No effects parsed from "[Action] <em>(Play on your turn or in showdowns.)</em><br />Banish a friendly unit, then its owner plays it to their base, ignoring its cost."
[SKIP] Spell OGN-203 (Possession): No effects parsed from "[Action] <em>(Play on your turn or in showdowns.)</em><br />Choose an enemy unit at a battlefield. Take control of it and recall it. <em>(Send it to your base. This isn't a move.)</em>"
[SKIP] Spell OGN-115 (Promising Future): No effects parsed from "Each player looks at the top 5 cards of their Main Deck, chooses one, then recycles the rest. Starting with the next player, each player plays those cards, ignoring Energy costs. <em>(They must still pay Power costs.)</em>"
[SKIP] Spell OGN-172 (Rebuke): No effects parsed from "[Action] <em>(Play on your turn or in showdowns.)</em><br />Return a unit at a battlefield to its owner's hand."
[SKIP] Spell OGS-015 (Recruit the Vanguard): No effects parsed from "[Action] <em>(Play on your turn or in showdowns.)</em><br />Play four 1 :rb_might: Recruit unit tokens. <em>(They can be played to your base or to battlefields you control.)</em>"
[SKIP] Spell OGN-062 (Reinforce): No effects parsed from "Look at the top 5 cards of your Main Deck. You may play a unit from among them. Its Energy cost is reduced by :rb_energy_5:. Then recycle the remaining cards."
[SKIP] Spell SFD-184 (Relentless Pursuit): No effects parsed from "[Action] <em>(Play on your turn or in showdowns.)</em><br />Move a friendly unit. You may attach an Equipment with the same controller to it. This turn, that unit has &quot;When I conquer, you may move me to my base.&quot;"
[SKIP] Spell OGN-104 (Retreat): No effects parsed from "[Reaction] <em>(Play any time, even before spells and abilities resolve.)</em><br />Return a friendly unit to its owner's hand. Its owner channels 1 rune exhausted."
[SKIP] Spell OGN-173 (Ride the Wind): No effects parsed from "[Action] <em>(Play on your turn or in showdowns.)</em><br />Move a friendly unit and ready it."
[SKIP] Spell SFD-206 (Riposte): No effects parsed from "[Reaction] <em>(Play any time, even before spells and abilities resolve.)</em><br />Choose a friendly unit and a spell. Counter that spell and give that unit +:rb_might: equal to that spell's Energy cost this turn."
[SKIP] Spell OGN-050 (Rune Prison): No effects parsed from "[Action] <em>(Play on your turn or in showdowns.)</em><br />Stun a unit._ (It doesn't deal combat damage this turn.)_"
[SKIP] Spell OGN-156 (Sabotage): No effects parsed from "Choose an opponent. They reveal their hand. Choose a non-unit card from it, and recycle that card."
[SKIP] Spell OGN-270 (Showstopper): No effects parsed from "Buff a friendly unit in your base, then move it to a battlefield. <em>(If it doesn't have a buff, it gets a +1 :rb_might: buff.)</em>"
[SKIP] Spell OGN-105 (Singularity): No effects parsed from "Deal 6 to each of up to two units."
[SKIP] Spell OGN-094 (Sprite Call): No effects parsed from "[Hidden] <em>(Hide now for :rb_rune_rainbow: to react with later for :rb_energy_0:.)</em><br />[Action] <em>(Play on your turn or in showdowns.)</em><br />Play a ready 3 :rb_might: Sprite unit token with [Temporary]. <em>(Kill it at the start of its controller's Beginning Phase, before scoring.)</em>"
[SKIP] Spell OGN-183 (Stacked Deck): No effects parsed from "[Action] <em>(Play on your turn or in showdowns.)</em><br />Look at the top 3 cards of your Main Deck. Put 1 into your hand and recycle the rest."
[SKIP] Spell OGN-183-P (Stacked Deck): No effects parsed from "ACTION (play on your turn or in showdowns.)  Look at the top 3 cards of your Main Deck. Put 1 into your hand and recycle the rest."
[SKIP] Spell OGN-250 (Stormbringer): No effects parsed from "Choose a friendly unit in your base. Deal damage equal to its Might to all enemy units at a battlefield, then move your unit there."
[SKIP] Spell SFD-107 (Strike Down): No effects parsed from "Choose an equipped friendly unit. It deals damage equal to its Might to an enemy unit. Then detach an Equipment from it."
[SKIP] Spell SFD-145 (Switcheroo): No effects parsed from "[Hidden] <em>(Hide now for :rb_rune_rainbow: to react with later for :rb_energy_0:.)</em><br />[Action]_ (Play on your turn or in showdowns.)_<br />Swap the Might of two units at the same battlefield this turn."
[SKIP] Spell SFD-129 (Temptation): No effects parsed from "[Repeat] :rb_energy_2: <em>(You may pay the additional cost to repeat this spell's effect.)</em><br />Move an enemy unit to a location where there's a unit with the same controller."
[SKIP] Spell OGN-198 (The Harrowing): No effects parsed from "Play a unit from your trash, ignoring its Energy cost. <em>(You must still pay its Power cost.)</em>"
[SKIP] Spell OGN-022 (Thermo Beam): No effects parsed from "[Action] <em>(Play on your turn or in showdowns.)</em><br />Kill all gear."
[SKIP] Spell SFD-040 (Thwonk!): No effects parsed from "[Action] <em>(Play on your turn or in showdowns.)</em><br />[Repeat] :rb_energy_2: <em>(You may pay the additional cost to repeat this spell's effect.)</em><br />Stun an attacking unit. <em>(It doesn't deal combat damage this turn.)</em>"
[SKIP] Spell OGN-122 (Time Warp): No effects parsed from "Take a turn after this one. Banish this."
[SKIP] Spell OGN-145 (Unyielding Spirit): No effects parsed from "[Reaction]_ (Play any time, even before spells and abilities resolve.)_<br />Prevent all spell and ability damage this turn."
[SKIP] Spell SFD-188 (Void Rush): No effects parsed from "Reveal the top 2 cards of your Main Deck. You may play one of them, reducing its cost by :rb_energy_2:. Draw any you did not play this way."
[SKIP] Spell OGN-146 (Wallop): No effects parsed from "[Action] <em>(Play on your turn or in showdowns.)</em><br />As you play this, you may spend a buff as an additional cost. If you do, ignore this spell's cost.<br />Ready a unit."
[SKIP] Spell OGN-187 (Whirlwind): No effects parsed from "Starting with the next player, each player may return a unit to its owner's hand."
[SKIP] Spell OGN-064 (Wind Wall): No effects parsed from "[Reaction] <em>(Play any time, even before spells and abilities resolve.)</em><br />Counter a spell."
[SKIP] Spell OGN-262 (Zenith Blade): No effects parsed from "[Action] <em>(Play on your turn or in showdowns.)</em><br />Stun an enemy unit at a battlefield. You may move a friendly unit to that enemy unit's battlefield._ (A stunned unit doesn't deal combat damage this turn.)_"
Migration Complete.
Migrated: 131
Skipped/Unchanged: 368